Archive member included to satisfy reference by file (symbol)

c:/program files/atmel/winavr-20090313/bin/../lib/gcc/avr/4.3.2/avr5\libgcc.a(_exit.o)
                              c:/program files/atmel/winavr-20090313/bin/../lib/gcc/avr/4.3.2/../../../../avr/lib/avr5/crtm324p.o (exit)
c:/program files/atmel/winavr-20090313/bin/../lib/gcc/avr/4.3.2/avr5\libgcc.a(_clear_bss.o)
                              BTFDD.o (__do_clear_bss)
c:/program files/atmel/winavr-20090313/bin/../lib/gcc/avr/4.3.2/../../../../avr/lib/avr5\libc.a(atoi.o)
                              shell.o (atoi)
c:/program files/atmel/winavr-20090313/bin/../lib/gcc/avr/4.3.2/../../../../avr/lib/avr5\libc.a(strtok_P.o)
                              shell.o (strtok_P)
c:/program files/atmel/winavr-20090313/bin/../lib/gcc/avr/4.3.2/../../../../avr/lib/avr5\libc.a(strcmp_P.o)
                              shell.o (strcmp_P)
c:/program files/atmel/winavr-20090313/bin/../lib/gcc/avr/4.3.2/../../../../avr/lib/avr5\libc.a(strtok_rP.o)
                              c:/program files/atmel/winavr-20090313/bin/../lib/gcc/avr/4.3.2/../../../../avr/lib/avr5\libc.a(strtok_P.o) (strtok_rP)
c:/program files/atmel/winavr-20090313/bin/../lib/gcc/avr/4.3.2/../../../../avr/lib/avr5\libc.a(strcpy.o)
                              shell.o (strcpy)
c:/program files/atmel/winavr-20090313/bin/../lib/gcc/avr/4.3.2/../../../../avr/lib/avr5\libc.a(mul10.o)
                              c:/program files/atmel/winavr-20090313/bin/../lib/gcc/avr/4.3.2/../../../../avr/lib/avr5\libc.a(atoi.o) (__mulhi_const_10)

Allocating common symbols
Common symbol       size              file

fdc_command         0x1               BTFDD.o
uart_shell_argv     0xa               shell.o
fdc_mr              0x1               BTFDD.o
fdc_result_strg     0x3               fdc.o
fdc_result_chrn     0x4               fdc.o
uart_shell_buffer   0x50              uart0.o
timer_timeout       0x1               BTFDD.o
fdc_data            0x1               fdc.o
spi_sram_crc        0x2               uart0.o
uart_shell_command  0x7               shell.o
uart_shell_argc     0x1               shell.o
fdc_send_chrn       0x4               fdc.o
fdc_st0             0x4               BTFDD.o
timer_count         0x1               BTFDD.o
uart_shell_enable   0x1               BTFDD.o

Memory Configuration

Name             Origin             Length             Attributes
text             0x00000000         0x00020000         xr
data             0x00800060         0x0000ffa0         rw !x
eeprom           0x00810000         0x00010000         rw !x
fuse             0x00820000         0x00000400         rw !x
lock             0x00830000         0x00000400         rw !x
signature        0x00840000         0x00000400         rw !x
*default*        0x00000000         0xffffffff

Linker script and memory map

Address of section .data set to 0x800100
LOAD c:/program files/atmel/winavr-20090313/bin/../lib/gcc/avr/4.3.2/../../../../avr/lib/avr5/crtm324p.o
LOAD BTFDD.o
LOAD uart0.o
LOAD fdc.o
LOAD global.o
LOAD shell.o
LOAD spi.o
LOAD timer1.o
LOAD c:/program files/atmel/winavr-20090313/bin/../lib/gcc/avr/4.3.2/avr5\libgcc.a
LOAD c:/program files/atmel/winavr-20090313/bin/../lib/gcc/avr/4.3.2/../../../../avr/lib/avr5\libc.a
LOAD c:/program files/atmel/winavr-20090313/bin/../lib/gcc/avr/4.3.2/avr5\libgcc.a

.hash
 *(.hash)

.dynsym
 *(.dynsym)

.dynstr
 *(.dynstr)

.gnu.version
 *(.gnu.version)

.gnu.version_d
 *(.gnu.version_d)

.gnu.version_r
 *(.gnu.version_r)

.rel.init
 *(.rel.init)

.rela.init
 *(.rela.init)

.rel.text
 *(.rel.text)
 *(.rel.text.*)
 *(.rel.gnu.linkonce.t*)

.rela.text
 *(.rela.text)
 *(.rela.text.*)
 *(.rela.gnu.linkonce.t*)

.rel.fini
 *(.rel.fini)

.rela.fini
 *(.rela.fini)

.rel.rodata
 *(.rel.rodata)
 *(.rel.rodata.*)
 *(.rel.gnu.linkonce.r*)

.rela.rodata
 *(.rela.rodata)
 *(.rela.rodata.*)
 *(.rela.gnu.linkonce.r*)

.rel.data
 *(.rel.data)
 *(.rel.data.*)
 *(.rel.gnu.linkonce.d*)

.rela.data
 *(.rela.data)
 *(.rela.data.*)
 *(.rela.gnu.linkonce.d*)

.rel.ctors
 *(.rel.ctors)

.rela.ctors
 *(.rela.ctors)

.rel.dtors
 *(.rel.dtors)

.rela.dtors
 *(.rela.dtors)

.rel.got
 *(.rel.got)

.rela.got
 *(.rela.got)

.rel.bss
 *(.rel.bss)

.rela.bss
 *(.rela.bss)

.rel.plt
 *(.rel.plt)

.rela.plt
 *(.rela.plt)

.text           0x00000000     0x1180
 *(.vectors)
 .vectors       0x00000000       0x7c c:/program files/atmel/winavr-20090313/bin/../lib/gcc/avr/4.3.2/../../../../avr/lib/avr5/crtm324p.o
                0x00000000                __vector_default
                0x00000000                __vectors
 *(.vectors)
 *(.progmem.gcc*)
                0x0000007c                . = ALIGN (0x2)
                0x0000007c                __trampolines_start = .
 *(.trampolines)
 .trampolines   0x0000007c        0x0 linker stubs
 *(.trampolines*)
                0x0000007c                __trampolines_end = .
 *(.progmem*)
 .progmem.data  0x0000007c       0x16 BTFDD.o
 .progmem.data  0x00000092       0x34 uart0.o
 .progmem.data  0x000000c6       0xa0 fdc.o
 .progmem.data  0x00000166       0x41 global.o
                0x00000166                base64chars
 .progmem.data  0x000001a7       0x64 shell.o
 .progmem.data  0x0000020b        0xa spi.o
                0x00000216                . = ALIGN (0x2)
 *fill*         0x00000215        0x1 
 *(.jumptables)
 *(.jumptables*)
 *(.lowtext)
 *(.lowtext*)
                0x00000216                __ctors_start = .
 *(.ctors)
                0x00000216                __ctors_end = .
                0x00000216                __dtors_start = .
 *(.dtors)
                0x00000216                __dtors_end = .
 SORT(*)(.ctors)
 SORT(*)(.dtors)
 *(.init0)
 .init0         0x00000216        0x0 c:/program files/atmel/winavr-20090313/bin/../lib/gcc/avr/4.3.2/../../../../avr/lib/avr5/crtm324p.o
                0x00000216                __init
 *(.init0)
 *(.init1)
 *(.init1)
 *(.init2)
 .init2         0x00000216        0xc c:/program files/atmel/winavr-20090313/bin/../lib/gcc/avr/4.3.2/../../../../avr/lib/avr5/crtm324p.o
 *(.init2)
 *(.init3)
 *(.init3)
 *(.init4)
 .init4         0x00000222       0x10 c:/program files/atmel/winavr-20090313/bin/../lib/gcc/avr/4.3.2/avr5\libgcc.a(_clear_bss.o)
                0x00000222                __do_clear_bss
 *(.init4)
 *(.init5)
 *(.init5)
 *(.init6)
 *(.init6)
 *(.init7)
 *(.init7)
 *(.init8)
 *(.init8)
 *(.init9)
 .init9         0x00000232        0x8 c:/program files/atmel/winavr-20090313/bin/../lib/gcc/avr/4.3.2/../../../../avr/lib/avr5/crtm324p.o
 *(.init9)
 *(.text)
 .text          0x0000023a        0x4 c:/program files/atmel/winavr-20090313/bin/../lib/gcc/avr/4.3.2/../../../../avr/lib/avr5/crtm324p.o
                0x0000023a                __vector_22
                0x0000023a                __vector_28
                0x0000023a                __vector_24
                0x0000023a                __bad_interrupt
                0x0000023a                __vector_6
                0x0000023a                __vector_3
                0x0000023a                __vector_23
                0x0000023a                __vector_30
                0x0000023a                __vector_25
                0x0000023a                __vector_11
                0x0000023a                __vector_13
                0x0000023a                __vector_17
                0x0000023a                __vector_19
                0x0000023a                __vector_7
                0x0000023a                __vector_27
                0x0000023a                __vector_5
                0x0000023a                __vector_4
                0x0000023a                __vector_9
                0x0000023a                __vector_21
                0x0000023a                __vector_15
                0x0000023a                __vector_29
                0x0000023a                __vector_8
                0x0000023a                __vector_26
                0x0000023a                __vector_14
                0x0000023a                __vector_10
                0x0000023a                __vector_16
                0x0000023a                __vector_18
 .text          0x0000023e      0x116 BTFDD.o
                0x0000023e                main
 .text          0x00000354      0x370 uart0.o
                0x00000354                uart_putchar
                0x00000380                uart_putsP
                0x000003ba                uart_putnewline
                0x00000410                uart_puts
                0x00000446                uart_itoh
                0x000004da                uart_sram_write_hex
                0x000004dc                __vector_20
                0x00000570                uart_sram_read_hex
                0x000005d8                uart_sram_write_raw
 .text          0x000006c4      0x5f2 fdc.o
                0x000006c4                __vector_2
                0x00000712                fdc_set_highden
                0x00000742                fdc_set_chrn
                0x00000788                fdc_read_mr
                0x000007ac                fdc_hardreset
                0x0000080c                fdc_read
                0x00000824                fdc_loop_until_dio
                0x00000842                fdc_loop_until_rqm
                0x00000860                fdc_write_cr
                0x00000894                fdc_write_do
                0x000008e6                fdc_write
                0x0000090c                fdc_exec_08
                0x000009de                __vector_1
                0x00000af0                fdc_exec_07
                0x00000b14                fdc_exec_0F
                0x00000b50                fdc_exec_04
                0x00000bc4                fdc_exec_03
                0x00000c00                fdc_pcatreset
                0x00000c3e                fdc_exec_0A
 .text          0x00000cb6       0xbe global.o
                0x00000cb6                data_in
                0x00000cbc                data_out
                0x00000cc2                htoi
                0x00000d32                crcByte
 .text          0x00000d74      0x21a shell.o
                0x00000d74                shell_exec
 .text          0x00000f8e       0xd6 spi.o
                0x00000f8e                spi_leds_set
                0x00000fa0                spi_sram_start_read
                0x00000fc6                spi_sram_start_write
                0x00000fec                spi_sram_stop
                0x00000ff0                spi_sram_rewind
                0x0000100e                spi_sram_resister_write
                0x00001028                spi_sram_resister_read
                0x00001042                spi_master
 .text          0x00001064       0x54 timer1.o
                0x00001064                __vector_12
                0x00001086                timer_stop
                0x00001096                timer_start
 .text          0x000010b8        0x0 c:/program files/atmel/winavr-20090313/bin/../lib/gcc/avr/4.3.2/avr5\libgcc.a(_exit.o)
 .text          0x000010b8        0x0 c:/program files/atmel/winavr-20090313/bin/../lib/gcc/avr/4.3.2/avr5\libgcc.a(_clear_bss.o)
 .text          0x000010b8        0x0 c:/program files/atmel/winavr-20090313/bin/../lib/gcc/avr/4.3.2/../../../../avr/lib/avr5\libc.a(atoi.o)
 .text          0x000010b8        0x0 c:/program files/atmel/winavr-20090313/bin/../lib/gcc/avr/4.3.2/../../../../avr/lib/avr5\libc.a(strtok_P.o)
 .text          0x000010b8        0x0 c:/program files/atmel/winavr-20090313/bin/../lib/gcc/avr/4.3.2/../../../../avr/lib/avr5\libc.a(strcmp_P.o)
 .text          0x000010b8        0x0 c:/program files/atmel/winavr-20090313/bin/../lib/gcc/avr/4.3.2/../../../../avr/lib/avr5\libc.a(strtok_rP.o)
 .text          0x000010b8        0x0 c:/program files/atmel/winavr-20090313/bin/../lib/gcc/avr/4.3.2/../../../../avr/lib/avr5\libc.a(strcpy.o)
 .text          0x000010b8        0x0 c:/program files/atmel/winavr-20090313/bin/../lib/gcc/avr/4.3.2/../../../../avr/lib/avr5\libc.a(mul10.o)
                0x000010b8                . = ALIGN (0x2)
 *(.text.*)
 .text.libgcc   0x000010b8        0x0 c:/program files/atmel/winavr-20090313/bin/../lib/gcc/avr/4.3.2/avr5\libgcc.a(_exit.o)
 .text.libgcc   0x000010b8        0x0 c:/program files/atmel/winavr-20090313/bin/../lib/gcc/avr/4.3.2/avr5\libgcc.a(_clear_bss.o)
 .text.avr-libc
                0x000010b8       0x3c c:/program files/atmel/winavr-20090313/bin/../lib/gcc/avr/4.3.2/../../../../avr/lib/avr5\libc.a(atoi.o)
                0x000010b8                atoi
 .text.avr-libc
                0x000010f4        0xa c:/program files/atmel/winavr-20090313/bin/../lib/gcc/avr/4.3.2/../../../../avr/lib/avr5\libc.a(strtok_P.o)
                0x000010f4                strtok_P
 .text.avr-libc
                0x000010fe       0x12 c:/program files/atmel/winavr-20090313/bin/../lib/gcc/avr/4.3.2/../../../../avr/lib/avr5\libc.a(strcmp_P.o)
                0x000010fe                strcmp_P
 .text.avr-libc
                0x00001110       0x4e c:/program files/atmel/winavr-20090313/bin/../lib/gcc/avr/4.3.2/../../../../avr/lib/avr5\libc.a(strtok_rP.o)
                0x00001110                strtok_rP
 .text.avr-libc
                0x0000115e        0xe c:/program files/atmel/winavr-20090313/bin/../lib/gcc/avr/4.3.2/../../../../avr/lib/avr5\libc.a(strcpy.o)
                0x0000115e                strcpy
 .text.avr-libc
                0x0000116c       0x10 c:/program files/atmel/winavr-20090313/bin/../lib/gcc/avr/4.3.2/../../../../avr/lib/avr5\libc.a(mul10.o)
                0x0000116c                __mulhi_const_10
                0x0000117c                . = ALIGN (0x2)
 *(.fini9)
 .fini9         0x0000117c        0x0 c:/program files/atmel/winavr-20090313/bin/../lib/gcc/avr/4.3.2/avr5\libgcc.a(_exit.o)
                0x0000117c                _exit
                0x0000117c                exit
 *(.fini9)
 *(.fini8)
 *(.fini8)
 *(.fini7)
 *(.fini7)
 *(.fini6)
 *(.fini6)
 *(.fini5)
 *(.fini5)
 *(.fini4)
 *(.fini4)
 *(.fini3)
 *(.fini3)
 *(.fini2)
 *(.fini2)
 *(.fini1)
 *(.fini1)
 *(.fini0)
 .fini0         0x0000117c        0x4 c:/program files/atmel/winavr-20090313/bin/../lib/gcc/avr/4.3.2/avr5\libgcc.a(_exit.o)
 *(.fini0)
                0x00001180                _etext = .

.data           0x00800100        0x0 load address 0x00001180
                0x00800100                PROVIDE (__data_start, .)
 *(.data)
 .data          0x00800100        0x0 c:/program files/atmel/winavr-20090313/bin/../lib/gcc/avr/4.3.2/../../../../avr/lib/avr5/crtm324p.o
 .data          0x00800100        0x0 BTFDD.o
 .data          0x00800100        0x0 uart0.o
 .data          0x00800100        0x0 fdc.o
 .data          0x00800100        0x0 global.o
 .data          0x00800100        0x0 shell.o
 .data          0x00800100        0x0 spi.o
 .data          0x00800100        0x0 timer1.o
 .data          0x00800100        0x0 c:/program files/atmel/winavr-20090313/bin/../lib/gcc/avr/4.3.2/avr5\libgcc.a(_exit.o)
 .data          0x00800100        0x0 c:/program files/atmel/winavr-20090313/bin/../lib/gcc/avr/4.3.2/avr5\libgcc.a(_clear_bss.o)
 .data          0x00800100        0x0 c:/program files/atmel/winavr-20090313/bin/../lib/gcc/avr/4.3.2/../../../../avr/lib/avr5\libc.a(atoi.o)
 .data          0x00800100        0x0 c:/program files/atmel/winavr-20090313/bin/../lib/gcc/avr/4.3.2/../../../../avr/lib/avr5\libc.a(strtok_P.o)
 .data          0x00800100        0x0 c:/program files/atmel/winavr-20090313/bin/../lib/gcc/avr/4.3.2/../../../../avr/lib/avr5\libc.a(strcmp_P.o)
 .data          0x00800100        0x0 c:/program files/atmel/winavr-20090313/bin/../lib/gcc/avr/4.3.2/../../../../avr/lib/avr5\libc.a(strtok_rP.o)
 .data          0x00800100        0x0 c:/program files/atmel/winavr-20090313/bin/../lib/gcc/avr/4.3.2/../../../../avr/lib/avr5\libc.a(strcpy.o)
 .data          0x00800100        0x0 c:/program files/atmel/winavr-20090313/bin/../lib/gcc/avr/4.3.2/../../../../avr/lib/avr5\libc.a(mul10.o)
 *(.data*)
 *(.rodata)
 *(.rodata*)
 *(.gnu.linkonce.d*)
                0x00800100                . = ALIGN (0x2)
                0x00800100                _edata = .
                0x00800100                PROVIDE (__data_end, .)

.bss            0x00800100       0x81
                0x00800100                PROVIDE (__bss_start, .)
 *(.bss)
 .bss           0x00800100        0x0 c:/program files/atmel/winavr-20090313/bin/../lib/gcc/avr/4.3.2/../../../../avr/lib/avr5/crtm324p.o
 .bss           0x00800100        0x0 BTFDD.o
 .bss           0x00800100        0x1 uart0.o
                0x00800100                uart_shell_length
 .bss           0x00800101        0x0 fdc.o
 .bss           0x00800101        0x0 global.o
 .bss           0x00800101        0x0 shell.o
 .bss           0x00800101        0x5 spi.o
                0x00800101                spi_leds
                0x00800102                spi_sram_addr
 .bss           0x00800106        0x0 timer1.o
 .bss           0x00800106        0x0 c:/program files/atmel/winavr-20090313/bin/../lib/gcc/avr/4.3.2/avr5\libgcc.a(_exit.o)
 .bss           0x00800106        0x0 c:/program files/atmel/winavr-20090313/bin/../lib/gcc/avr/4.3.2/avr5\libgcc.a(_clear_bss.o)
 .bss           0x00800106        0x0 c:/program files/atmel/winavr-20090313/bin/../lib/gcc/avr/4.3.2/../../../../avr/lib/avr5\libc.a(atoi.o)
 .bss           0x00800106        0x2 c:/program files/atmel/winavr-20090313/bin/../lib/gcc/avr/4.3.2/../../../../avr/lib/avr5\libc.a(strtok_P.o)
 .bss           0x00800108        0x0 c:/program files/atmel/winavr-20090313/bin/../lib/gcc/avr/4.3.2/../../../../avr/lib/avr5\libc.a(strcmp_P.o)
 .bss           0x00800108        0x0 c:/program files/atmel/winavr-20090313/bin/../lib/gcc/avr/4.3.2/../../../../avr/lib/avr5\libc.a(strtok_rP.o)
 .bss           0x00800108        0x0 c:/program files/atmel/winavr-20090313/bin/../lib/gcc/avr/4.3.2/../../../../avr/lib/avr5\libc.a(strcpy.o)
 .bss           0x00800108        0x0 c:/program files/atmel/winavr-20090313/bin/../lib/gcc/avr/4.3.2/../../../../avr/lib/avr5\libc.a(mul10.o)
 *(.bss*)
 *(COMMON)
 COMMON         0x00800108        0x9 BTFDD.o
                0x00800108                fdc_command
                0x00800109                fdc_mr
                0x0080010a                timer_timeout
                0x0080010b                fdc_st0
                0x0080010f                timer_count
                0x00800110                uart_shell_enable
 COMMON         0x00800111       0x52 uart0.o
                0x00800111                uart_shell_buffer
                0x00800161                spi_sram_crc
 COMMON         0x00800163        0xc fdc.o
                0x00800163                fdc_result_strg
                0x00800166                fdc_result_chrn
                0x0080016a                fdc_data
                0x0080016b                fdc_send_chrn
 COMMON         0x0080016f       0x12 shell.o
                0x0080016f                uart_shell_argv
                0x00800179                uart_shell_command
                0x00800180                uart_shell_argc
                0x00800181                PROVIDE (__bss_end, .)
                0x00001180                __data_load_start = LOADADDR (.data)
                0x00001180                __data_load_end = (__data_load_start + SIZEOF (.data))

.noinit         0x00800181        0x0
                0x00800181                PROVIDE (__noinit_start, .)
 *(.noinit*)
                0x00800181                PROVIDE (__noinit_end, .)
                0x00800181                _end = .
                0x00800181                PROVIDE (__heap_start, .)

.eeprom         0x00810000        0x0
 *(.eeprom*)
                0x00810000                __eeprom_end = .

.fuse
 *(.fuse)
 *(.lfuse)
 *(.hfuse)
 *(.efuse)

.lock
 *(.lock*)

.signature
 *(.signature*)

.stab
 *(.stab)

.stabstr
 *(.stabstr)

.stab.excl
 *(.stab.excl)

.stab.exclstr
 *(.stab.exclstr)

.stab.index
 *(.stab.index)

.stab.indexstr
 *(.stab.indexstr)

.comment        0x00000000       0x11
 *(.comment)
 .comment       0x00000000       0x11 c:/program files/atmel/winavr-20090313/bin/../lib/gcc/avr/4.3.2/../../../../avr/lib/avr5\libc.a(strtok_P.o)
                                 0x12 (size before relaxing)

.note.gnu.build-id
 *(.note.gnu.build-id)

.debug
 *(.debug)

.line
 *(.line)

.debug_srcinfo
 *(.debug_srcinfo)

.debug_sfnames
 *(.debug_sfnames)

.debug_aranges  0x00000000       0xe0
 *(.debug_aranges)
 .debug_aranges
                0x00000000       0x20 BTFDD.o
 .debug_aranges
                0x00000020       0x20 uart0.o
 .debug_aranges
                0x00000040       0x20 fdc.o
 .debug_aranges
                0x00000060       0x20 global.o
 .debug_aranges
                0x00000080       0x20 shell.o
 .debug_aranges
                0x000000a0       0x20 spi.o
 .debug_aranges
                0x000000c0       0x20 timer1.o

.debug_pubnames
                0x00000000      0x589
 *(.debug_pubnames)
 .debug_pubnames
                0x00000000       0x7a BTFDD.o
 .debug_pubnames
                0x0000007a      0x11e uart0.o
 .debug_pubnames
                0x00000198      0x1c2 fdc.o
 .debug_pubnames
                0x0000035a       0x50 global.o
 .debug_pubnames
                0x000003aa       0x8c shell.o
 .debug_pubnames
                0x00000436       0xf0 spi.o
 .debug_pubnames
                0x00000526       0x63 timer1.o

.debug_info     0x00000000     0x1e62
 *(.debug_info .gnu.linkonce.wi.*)
 .debug_info    0x00000000      0x6cc c:/program files/atmel/winavr-20090313/bin/../lib/gcc/avr/4.3.2/../../../../avr/lib/avr5/crtm324p.o
 .debug_info    0x000006cc      0x156 BTFDD.o
 .debug_info    0x00000822      0x432 uart0.o
 .debug_info    0x00000c54      0xb1d fdc.o
 .debug_info    0x00001771      0x130 global.o
 .debug_info    0x000018a1      0x2e5 shell.o
 .debug_info    0x00001b86      0x210 spi.o
 .debug_info    0x00001d96       0xcc timer1.o

.debug_abbrev   0x00000000      0xd6b
 *(.debug_abbrev)
 .debug_abbrev  0x00000000      0x66e c:/program files/atmel/winavr-20090313/bin/../lib/gcc/avr/4.3.2/../../../../avr/lib/avr5/crtm324p.o
 .debug_abbrev  0x0000066e       0x97 BTFDD.o
 .debug_abbrev  0x00000705      0x1a2 uart0.o
 .debug_abbrev  0x000008a7      0x1e6 fdc.o
 .debug_abbrev  0x00000a8d       0xb0 global.o
 .debug_abbrev  0x00000b3d       0xba shell.o
 .debug_abbrev  0x00000bf7       0xfd spi.o
 .debug_abbrev  0x00000cf4       0x77 timer1.o

.debug_line     0x00000000     0x1583
 *(.debug_line .debug_line.* .debug_line_end)
 .debug_line    0x00000000       0x1d c:/program files/atmel/winavr-20090313/bin/../lib/gcc/avr/4.3.2/../../../../avr/lib/avr5/crtm324p.o
 .debug_line    0x0000001d      0x1f7 BTFDD.o
 .debug_line    0x00000214      0x3fe uart0.o
 .debug_line    0x00000612      0x8f2 fdc.o
 .debug_line    0x00000f04       0xf3 global.o
 .debug_line    0x00000ff7      0x22c shell.o
 .debug_line    0x00001223      0x268 spi.o
 .debug_line    0x0000148b       0xf8 timer1.o

.debug_frame    0x00000000      0x340
 *(.debug_frame)
 .debug_frame   0x00000000       0x20 BTFDD.o
 .debug_frame   0x00000020       0xa0 uart0.o
 .debug_frame   0x000000c0      0x140 fdc.o
 .debug_frame   0x00000200       0x50 global.o
 .debug_frame   0x00000250       0x20 shell.o
 .debug_frame   0x00000270       0x90 spi.o
 .debug_frame   0x00000300       0x40 timer1.o

.debug_str      0x00000000      0x71c
 *(.debug_str)
 .debug_str     0x00000000      0x255 c:/program files/atmel/winavr-20090313/bin/../lib/gcc/avr/4.3.2/../../../../avr/lib/avr5/crtm324p.o
 .debug_str     0x00000255       0xe1 BTFDD.o
                                0x11a (size before relaxing)
 .debug_str     0x00000336      0x125 uart0.o
                                0x1ff (size before relaxing)
 .debug_str     0x0000045b      0x15d fdc.o
                                0x25e (size before relaxing)
 .debug_str     0x000005b8       0x36 global.o
                                 0xf1 (size before relaxing)
 .debug_str     0x000005ee       0x5f shell.o
                                0x146 (size before relaxing)
 .debug_str     0x0000064d       0xa0 spi.o
                                0x196 (size before relaxing)
 .debug_str     0x000006ed       0x2f timer1.o
                                0x107 (size before relaxing)

.debug_loc      0x00000000      0x542
 *(.debug_loc)
 .debug_loc     0x00000000      0x154 uart0.o
 .debug_loc     0x00000154      0x1d9 fdc.o
 .debug_loc     0x0000032d       0xe6 global.o
 .debug_loc     0x00000413       0xe0 shell.o
 .debug_loc     0x000004f3       0x4f spi.o

.debug_macinfo
 *(.debug_macinfo)

.debug_weaknames
 *(.debug_weaknames)

.debug_funcnames
 *(.debug_funcnames)

.debug_typenames
 *(.debug_typenames)

.debug_varnames
 *(.debug_varnames)

.debug_pubtypes
 *(.debug_pubtypes)

.debug_ranges
 *(.debug_ranges)

.debug_macro
 *(.debug_macro)
OUTPUT(BTFDD.elf elf32-avr)
LOAD linker stubs
